Open Watcom Linker Version 2.0 beta Apr  5 2018 15:02:42 (64-bit)
Copyright (c) 2002-2018 The Open Watcom Contributors. All Rights Reserved.
Portions Copyright (c) 1985-2002 Sybase, Inc. All Rights Reserved.
Created on:       18/07/22 10:54:20
Executable Image: kernel.exe
creating a DOS executable
Warning! W1172: stack size is less than 512 bytes


                        +------------+
                        |   Groups   |
                        +------------+

Group                           Address              Size
=====                           =======              ====

DGROUP                          0446:0000            00002410



                        +--------------+
                        |   Segments   |
                        +--------------+

Segment                Class          Group          Address         Size
=======                =====          =====          =======         ====

_TEXT                  CODE           AUTO           0000:0000       00004460
_DATABEG               DATA           DGROUP         0446:0000       00000030
_DATA                  DATA           DGROUP         0449:0000       0000031e
CONST                  DATA           DGROUP         047a:000e       000004ae
CONST2                 DATA           DGROUP         04c5:000c       00000000
_DATAEND               DATA           DGROUP         04c5:000c       00000000
_BSS                   BSS            DGROUP         04c5:000c       00001c0e
_BSSEND                BSS            DGROUP         0686:000a       00000000
STACK                  STACK          DGROUP         0687:0000       00000000


                        +----------------+
                        |   Memory Map   |
                        +----------------+

* = unreferenced symbol
+ = symbol only referenced locally

Address        Symbol
=======        ======

Module: mpx88.obj(mpx88.asm)
0000:0000*     main
0000:0025      _s_call
0000:003f      _tty_int
0000:0048      _lpr_int
0000:0051      _disk_int
0000:0068      _wini_int
0000:007f      _clock_int
0000:0095      _surprise
0000:009d      _trp
0000:00a5      _divide
0000:0104      _restart
0446:0000      _sizes
0446:0010      _splimit
0446:001c      _brksize
0446:240a      _end
Module: main.obj(/mnt/c/Gitsrc/minix1/kernel/main.c)
0000:0148      _main
0000:03fd      _unexpected_int
0000:0421      _trap
0000:043b      _div_trap
0000:0440      _panic
Module: proc.obj(/mnt/c/Gitsrc/minix1/kernel/proc.c)
0000:04d6      _interrupt
0000:05b7      _sys_call
0000:0646      _mini_send
0000:0818      _pick_proc
0000:0875      _ready
0000:08cf      _unready
0000:094e      _sched
Module: system.obj(/mnt/c/Gitsrc/minix1/kernel/system.c)
0000:098a      _sys_task
0000:0f87      _cause_sig
0000:0fcc      _inform
0000:105f      _umap
Module: clock.obj(/mnt/c/Gitsrc/minix1/kernel/clock.c)
0000:10e4      _clock_task
Module: memory.obj(/mnt/c/Gitsrc/minix1/kernel/memory.c)
0000:13c3      _mem_task
Module: floppy.obj(/mnt/c/Gitsrc/minix1/kernel/floppy.c)
0000:15ae      _floppy_task
Module: wini.obj(/mnt/c/Gitsrc/minix1/kernel/wini.c)
0000:1de4      _winchester_task
0000:25f4+     _sort
0000:2683*     _delay
Module: tty.obj(/mnt/c/Gitsrc/minix1/kernel/tty.c)
0446:0e4e+     _keybd_mess
0446:132c      _vid_mask
0446:1332      _scan_code
0446:1334      _color
0000:26a7      _tty_task
0000:2ff7      _keyboard
0000:35c7      _putc
Module: printer.obj(/mnt/c/Gitsrc/minix1/kernel/printer.c)
0446:134a      _pcount
0000:35f0      _printer_task
0000:3859      _pr_char
0446:1350      _pr_busy
0446:1352      _cum_count
0446:1354      _prev_ct
Module: table.obj(/mnt/c/Gitsrc/minix1/kernel/table.c)
0446:1356      _t_stack
0446:1a56      _proc
0446:2266      _k_stack
0446:2366      _int_mess
0446:237e      _realtime
0446:2382      _rdy_head
0446:2388      _task_mess
0446:239a      _rdy_tail
0446:23a0      _olivetti
0446:23a2      _busy_map
0446:23a4      _proc_ptr
0446:23a6      _pc_at
0446:23a8      _bill_ptr
0446:23aa      _prev_proc
0446:23ac      _sig_procs
0446:23ae      _cur_proc
0446:01fc      _task
0446:23b0      _lost_ticks
Module: klib88.obj(klib88.asm)
0000:3914      _phys_copy
0000:39aa      _cp_mess
0000:39d9      _port_out
0000:39e9      _port_in
0000:39fd*     _portw_out
0000:3a0d*     _portw_in
0000:3a1f      _port_read
0000:3a50      _port_write
0000:3a81      _lock
0000:3a88      _unlock
0000:3a8a      _restore
0000:3a90      _build_sig
0000:3ae9      _get_chrome
0000:3af8      _vid_copy
0000:3b6f      _get_byte
0000:3b81      _reboot
0000:3b8b      _wreboot
0446:0216      _vec_table
Module: dmp.obj(/mnt/c/Gitsrc/minix1/kernel/dmp.c)
0000:3ba7      _p_dmp
0000:3d20      _map_dmp
0000:3dcd+     _prname
0000:3e0a      _set_name
0446:0338+     _nayme
0446:23b2+     _aout
0446:23f2+     _vargv
0446:23f4+     _nbuff
Module: ../libsys/libsys.lib(/mnt/c/Gitsrc/minix1/libsys/printk.c)
0000:3eb7      _printk
Module: ../libsys/libsys.lib(sendrec.asm)
0000:4331      _send
0000:4336      _receive
0000:433b      _sendrec
0000:433b*     _send_rec
Module: ../libsys/libsys.lib(i4d.asm)
0000:434e      __I4D
0000:4397*     __U4D
Module: ../libsys/libsys.lib(getutil.asm)
0000:441b      _get_base
0000:441e*     _get_size
0000:4422*     _get_tot_mem
Module: ../libsys/libsys.lib(i4m.asm)
0000:4448      __I4M
0000:4448*     __U4M
Warning! W1023: no starting address found, using 0000:0000


                        +--------------------+
                        |   Libraries Used   |
                        +--------------------+

../libsys/libsys.lib


                        +-----------------------+
                        |   Linker Statistics   |
                        +-----------------------+

Stack size:  0000 (0.)
Memory size:  6870 (26736.)
Entry point address: 0000:0000
Link time: 00:00.25
